// Jest Snapshot v1, https://goo.gl/fbAQLP

exports[`长文本- 渲染 1`] = `
Array [
  "您当前使用的UI版本没有实现LongTextField组件。",
  <div
    style={
      Object {
        "display": "none",
      }
    }
  >
    <button
      onClick={[Function]}
    >
      onChange
    </button>
  </div>,
]
`;
